// Jest Snapshot v1, https://goo.gl/fbAQLP

exports[`Button renders correctly across screens 1`] = `
<View
  accessible={true}
  focusable={false}
  onClick={[Function]}
  onResponderGrant={[Function]}
  onResponderMove={[Function]}
  onResponderRelease={[Function]}
  onResponderTerminate={[Function]}
  onResponderTerminationRequest={[Function]}
  onStartShouldSetResponder={[Function]}
  style={
    Object {
      "alignItems": "center",
      "backgroundColor": "black",
      "borderRadius": 11,
      "opacity": 1,
      "paddingVertical": 10,
    }
  }
>
  <Text
    style={
      Object {
        "color": "white",
        "fontSize": 20,
        "fontWeight": "600",
        "lineHeight": 32.199999999999996,
      }
    }
  />
</View>
`;
